// Jest Snapshot v1, https://goo.gl/fbAQLP

exports[`should list item 1`] = `
<div
  class="sc-gsDKAQ jhGfUW"
>
  Todo item
</div>
`;
